qgetenv/main.cpp:7:5: warning: qgetenv().isEmpty() allocates. Use qEnvironmentVariableIsEmpty() instead [-Wclazy-qgetenv]
qgetenv/main.cpp:8:14: warning: qgetenv().isNull() allocates. Use qEnvironmentVariableIsSet() instead [-Wclazy-qgetenv]
qgetenv/main.cpp:10:20: warning: qgetenv().toInt() is slow. Use qEnvironmentVariableIntValue() instead [-Wclazy-qgetenv]
qgetenv/main.cpp:11:19: warning: qgetenv().toInt() is slow. Use qEnvironmentVariableIntValue() instead [-Wclazy-qgetenv]
