#include <QtCore/qglobal.h>
#include <QtCore/qbytearray.h>

int test()
{

    qEnvironmentVariableIsEmpty("Foo");
    bool b = qEnvironmentVariableIsSet("Foo");
    QByteArray ba = qgetenv("Foo");
    int ignoreOK = qEnvironmentVariableIntValue("Foo");
    int checkOK = qEnvironmentVariableIntValue("Foo", &b);
    int dontfix = qgetenv("Foo").toInt(&b, 16);
    return 0;
}
