qt6-deprecated-api-fixes/main.cpp:58:22: warning: ISO C++11 does not allow conversion from string literal to 'char *' [-Wwritable-strings]
qt6-deprecated-api-fixes/main.cpp:37:9: warning:  function setPath() has to be used in Qt6 [-Wclazy-qt6-deprecated-api-fixes]
qt6-deprecated-api-fixes/main.cpp:41:7: warning:  function setPath() has to be used in Qt6 [-Wclazy-qt6-deprecated-api-fixes]
qt6-deprecated-api-fixes/main.cpp:44:22: warning:  function setPath() has to be used in Qt6 [-Wclazy-qt6-deprecated-api-fixes]
qt6-deprecated-api-fixes/main.cpp:47:27: warning:  function setPath() has to be used in Qt6 [-Wclazy-qt6-deprecated-api-fixes]
qt6-deprecated-api-fixes/main.cpp:48:27: warning:  function setPath() has to be used in Qt6 [-Wclazy-qt6-deprecated-api-fixes]
qt6-deprecated-api-fixes/main.cpp:51:10: warning:  function setPath() has to be used in Qt6 [-Wclazy-qt6-deprecated-api-fixes]
qt6-deprecated-api-fixes/main.cpp:55:9: warning:  function setPath() has to be used in Qt6 [-Wclazy-qt6-deprecated-api-fixes]
qt6-deprecated-api-fixes/main.cpp:59:10: warning:  function setPath() has to be used in Qt6 [-Wclazy-qt6-deprecated-api-fixes]
qt6-deprecated-api-fixes/main.cpp:63:10: warning:  function setPath() has to be used in Qt6 [-Wclazy-qt6-deprecated-api-fixes]
qt6-deprecated-api-fixes/main.cpp:66:10: warning:  function setPath() has to be used in Qt6 [-Wclazy-qt6-deprecated-api-fixes]
qt6-deprecated-api-fixes/main.cpp:69:11: warning:  function setPath() has to be used in Qt6 [-Wclazy-qt6-deprecated-api-fixes]
qt6-deprecated-api-fixes/main.cpp:70:15: warning:  function setPath() has to be used in Qt6 [-Wclazy-qt6-deprecated-api-fixes]
qt6-deprecated-api-fixes/main.cpp:72:5: warning: call function QDir::addResourceSearchPath(). Use function QDir::addSearchPath() with prefix instead [-Wclazy-qt6-deprecated-api-fixes]
qt6-deprecated-api-fixes/main.cpp:73:10: warning: call function QDir::addResourceSearchPath(). Use function QDir::addSearchPath() with prefix instead [-Wclazy-qt6-deprecated-api-fixes]
qt6-deprecated-api-fixes/main.cpp:76:7: warning: Use QMultiMap for maps storing multiple values with the same key. [-Wclazy-qt6-deprecated-api-fixes]
qt6-deprecated-api-fixes/main.cpp:77:30: warning: Use QMultiMap for maps storing multiple values with the same key. [-Wclazy-qt6-deprecated-api-fixes]
qt6-deprecated-api-fixes/main.cpp:78:30: warning: Use QMultiMap for maps storing multiple values with the same key. [-Wclazy-qt6-deprecated-api-fixes]
qt6-deprecated-api-fixes/main.cpp:80:7: warning: Use QMultiMap for maps storing multiple values with the same key. [-Wclazy-qt6-deprecated-api-fixes]
qt6-deprecated-api-fixes/main.cpp:83:8: warning: call function QProcess::start(). Use function QProcess::startCommand() instead [-Wclazy-qt6-deprecated-api-fixes]
qt6-deprecated-api-fixes/main.cpp:88:22: warning: call function QRessource::isCompressed(). Use function QProcess::compressionAlgorithm() instead. [-Wclazy-qt6-deprecated-api-fixes]
qt6-deprecated-api-fixes/main.cpp:91:23: warning: call Qt::MatchRegExp. Use Qt::MatchRegularExpression instead. [-Wclazy-qt6-deprecated-api-fixes]
qt6-deprecated-api-fixes/main.cpp:95:24: warning: call function QTextStream::endl. Use function Qt::endl instead [-Wclazy-qt6-deprecated-api-fixes]
qt6-deprecated-api-fixes/main.cpp:96:12: warning: call function QTextStream::hex. Use function Qt::hex instead [-Wclazy-qt6-deprecated-api-fixes]
qt6-deprecated-api-fixes/main.cpp:96:19: warning: call function QTextStream::endl. Use function Qt::endl instead [-Wclazy-qt6-deprecated-api-fixes]
qt6-deprecated-api-fixes/main.cpp:100:48: warning: Use Qt::SplitBehavior variant instead [-Wclazy-qt6-deprecated-api-fixes]
qt6-deprecated-api-fixes/main.cpp:101:49: warning: Use Qt::SplitBehavior variant instead [-Wclazy-qt6-deprecated-api-fixes]
qt6-deprecated-api-fixes/main.cpp:102:5: warning: Using QString::SplitBehavior. Use Qt::SplitBehavior variant instead [-Wclazy-qt6-deprecated-api-fixes]
qt6-deprecated-api-fixes/main.cpp:102:39: warning: Use Qt::SplitBehavior variant instead [-Wclazy-qt6-deprecated-api-fixes]
qt6-deprecated-api-fixes/main.cpp:107:5: warning: QSet iterator categories changed from bidirectional to forward. Please port your code manually [-Wclazy-qt6-deprecated-api-fixes]
qt6-deprecated-api-fixes/main.cpp:108:12: warning: QSet iterator categories changed from bidirectional to forward. Please port your code manually [-Wclazy-qt6-deprecated-api-fixes]
qt6-deprecated-api-fixes/main.cpp:109:12: warning: QSet iterator categories changed from bidirectional to forward. Please port your code manually [-Wclazy-qt6-deprecated-api-fixes]
qt6-deprecated-api-fixes/main.cpp:110:12: warning: QSet iterator categories changed from bidirectional to forward. Please port your code manually [-Wclazy-qt6-deprecated-api-fixes]
qt6-deprecated-api-fixes/main.cpp:111:12: warning: QSet iterator categories changed from bidirectional to forward. Please port your code manually [-Wclazy-qt6-deprecated-api-fixes]
qt6-deprecated-api-fixes/main.cpp:113:13: warning: QSet iterator categories changed from bidirectional to forward. Please port your code manually [-Wclazy-qt6-deprecated-api-fixes]
qt6-deprecated-api-fixes/main.cpp:114:13: warning: QSet iterator categories changed from bidirectional to forward. Please port your code manually [-Wclazy-qt6-deprecated-api-fixes]
qt6-deprecated-api-fixes/main.cpp:115:13: warning: QSet iterator categories changed from bidirectional to forward. Please port your code manually [-Wclazy-qt6-deprecated-api-fixes]
qt6-deprecated-api-fixes/main.cpp:116:13: warning: QSet iterator categories changed from bidirectional to forward. Please port your code manually [-Wclazy-qt6-deprecated-api-fixes]
qt6-deprecated-api-fixes/main.cpp:119:7: warning: QSet iterator categories changed from bidirectional to forward. Please port your code manually [-Wclazy-qt6-deprecated-api-fixes]
qt6-deprecated-api-fixes/main.cpp:120:7: warning: QSet iterator categories changed from bidirectional to forward. Please port your code manually [-Wclazy-qt6-deprecated-api-fixes]
qt6-deprecated-api-fixes/main.cpp:121:7: warning: QSet iterator categories changed from bidirectional to forward. Please port your code manually [-Wclazy-qt6-deprecated-api-fixes]
qt6-deprecated-api-fixes/main.cpp:122:7: warning: QSet iterator categories changed from bidirectional to forward. Please port your code manually [-Wclazy-qt6-deprecated-api-fixes]
qt6-deprecated-api-fixes/main.cpp:126:7: warning: QSet iterator categories changed from bidirectional to forward. Please port your code manually [-Wclazy-qt6-deprecated-api-fixes]
qt6-deprecated-api-fixes/main.cpp:127:7: warning: QSet iterator categories changed from bidirectional to forward. Please port your code manually [-Wclazy-qt6-deprecated-api-fixes]
qt6-deprecated-api-fixes/main.cpp:128:7: warning: QSet iterator categories changed from bidirectional to forward. Please port your code manually [-Wclazy-qt6-deprecated-api-fixes]
qt6-deprecated-api-fixes/main.cpp:129:7: warning: QSet iterator categories changed from bidirectional to forward. Please port your code manually [-Wclazy-qt6-deprecated-api-fixes]
qt6-deprecated-api-fixes/main.cpp:135:12: warning: call function QSignalMapper::mapped(int). Use function QSignalMapper::mappedInt(int) instead. [-Wclazy-qt6-deprecated-api-fixes]
qt6-deprecated-api-fixes/main.cpp:136:12: warning: call function QSignalMapper::mapped(int). Use function QSignalMapper::mappedInt(int) instead. [-Wclazy-qt6-deprecated-api-fixes]
qt6-deprecated-api-fixes/main.cpp:137:12: warning: call function QSignalMapper::mapped(const QString &). Use function QSignalMapper::mappedString(const QString &) instead. [-Wclazy-qt6-deprecated-api-fixes]
qt6-deprecated-api-fixes/main.cpp:138:12: warning: call function QSignalMapper::mapped(const QString &). Use function QSignalMapper::mappedString(const QString &) instead. [-Wclazy-qt6-deprecated-api-fixes]
qt6-deprecated-api-fixes/main.cpp:139:12: warning: call function QSignalMapper::mapped(QWidget *). Use function QSignalMapper::mappedObject(QWidget *) instead. [-Wclazy-qt6-deprecated-api-fixes]
qt6-deprecated-api-fixes/main.cpp:140:12: warning: call function QSignalMapper::mapped(QObject *). Use function QSignalMapper::mappedObject(QObject *) instead. [-Wclazy-qt6-deprecated-api-fixes]
qt6-deprecated-api-fixes/main.cpp:145:5: warning: QHash iterator categories changed from bidirectional to forward. Please port your code manually [-Wclazy-qt6-deprecated-api-fixes]
qt6-deprecated-api-fixes/main.cpp:146:13: warning: QHash iterator categories changed from bidirectional to forward. Please port your code manually [-Wclazy-qt6-deprecated-api-fixes]
qt6-deprecated-api-fixes/main.cpp:147:13: warning: QHash iterator categories changed from bidirectional to forward. Please port your code manually [-Wclazy-qt6-deprecated-api-fixes]
qt6-deprecated-api-fixes/main.cpp:148:13: warning: QHash iterator categories changed from bidirectional to forward. Please port your code manually [-Wclazy-qt6-deprecated-api-fixes]
qt6-deprecated-api-fixes/main.cpp:149:13: warning: QHash iterator categories changed from bidirectional to forward. Please port your code manually [-Wclazy-qt6-deprecated-api-fixes]
qt6-deprecated-api-fixes/main.cpp:151:14: warning: QHash iterator categories changed from bidirectional to forward. Please port your code manually [-Wclazy-qt6-deprecated-api-fixes]
qt6-deprecated-api-fixes/main.cpp:152:14: warning: QHash iterator categories changed from bidirectional to forward. Please port your code manually [-Wclazy-qt6-deprecated-api-fixes]
qt6-deprecated-api-fixes/main.cpp:153:14: warning: QHash iterator categories changed from bidirectional to forward. Please port your code manually [-Wclazy-qt6-deprecated-api-fixes]
qt6-deprecated-api-fixes/main.cpp:154:14: warning: QHash iterator categories changed from bidirectional to forward. Please port your code manually [-Wclazy-qt6-deprecated-api-fixes]
qt6-deprecated-api-fixes/main.cpp:157:8: warning: QHash iterator categories changed from bidirectional to forward. Please port your code manually [-Wclazy-qt6-deprecated-api-fixes]
qt6-deprecated-api-fixes/main.cpp:158:8: warning: QHash iterator categories changed from bidirectional to forward. Please port your code manually [-Wclazy-qt6-deprecated-api-fixes]
qt6-deprecated-api-fixes/main.cpp:159:8: warning: QHash iterator categories changed from bidirectional to forward. Please port your code manually [-Wclazy-qt6-deprecated-api-fixes]
qt6-deprecated-api-fixes/main.cpp:160:8: warning: QHash iterator categories changed from bidirectional to forward. Please port your code manually [-Wclazy-qt6-deprecated-api-fixes]
qt6-deprecated-api-fixes/main.cpp:162:5: warning: Using QLinkedList. Use std::list instead [-Wclazy-qt6-deprecated-api-fixes]
qt6-deprecated-api-fixes/main.cpp:164:5: warning: use QRandomGenerator instead [-Wclazy-qt6-deprecated-api-fixes]
qt6-deprecated-api-fixes/main.cpp:165:5: warning: use QRandomGenerator instead [-Wclazy-qt6-deprecated-api-fixes]
qt6-deprecated-api-fixes/main.cpp:168:14: warning: call QTimeLine::setCurveShape. Use QTimeLine::setEasingCurve instead [-Wclazy-qt6-deprecated-api-fixes]
qt6-deprecated-api-fixes/main.cpp:169:14: warning: call QTimeLine::curveShape. Use QTimeLine::easingCurve instead [-Wclazy-qt6-deprecated-api-fixes]
qt6-deprecated-api-fixes/main.cpp:174:47: warning: replacing with function omitting the calendar. Change manually and use QLocale if you want to keep the calendar. [-Wclazy-qt6-deprecated-api-fixes]
qt6-deprecated-api-fixes/main.cpp:176:28: warning: deprecated constructor. Use QDate::startOfDay() instead. [-Wclazy-qt6-deprecated-api-fixes]
qt6-deprecated-api-fixes/main.cpp:177:18: warning: deprecated constructor. Use QDate::startOfDay() instead. [-Wclazy-qt6-deprecated-api-fixes]
qt6-deprecated-api-fixes/main.cpp:182:23: warning:  operator does not exist in Qt6. Using QVariant::compare() instead. [-Wclazy-qt6-deprecated-api-fixes]
qt6-deprecated-api-fixes/main.cpp:183:24: warning:  operator does not exist in Qt6. Using QVariant::compare() instead. [-Wclazy-qt6-deprecated-api-fixes]
qt6-deprecated-api-fixes/main.cpp:184:27: warning:  operator does not exist in Qt6. Using QVariant::compare() instead. [-Wclazy-qt6-deprecated-api-fixes]
qt6-deprecated-api-fixes/main.cpp:185:25: warning:  operator does not exist in Qt6. Using QVariant::compare() instead. [-Wclazy-qt6-deprecated-api-fixes]
qt6-deprecated-api-fixes/main.cpp:186:25: warning:  operator does not exist in Qt6. Using QVariant::compare() instead. [-Wclazy-qt6-deprecated-api-fixes]
qt6-deprecated-api-fixes/main.cpp:187:45: warning:  operator does not exist in Qt6. Using QVariant::compare() instead. [-Wclazy-qt6-deprecated-api-fixes]
qt6-deprecated-api-fixes/main.cpp:192:16: warning: Using QLinkedList. Use std::list instead [-Wclazy-qt6-deprecated-api-fixes]
qt6-deprecated-api-fixes/main.cpp:193:1: warning: Using QLinkedList. Use std::list instead [-Wclazy-qt6-deprecated-api-fixes]
qt6-deprecated-api-fixes/main.cpp:198:6: warning: Using QLinkedList. Use std::list instead [-Wclazy-qt6-deprecated-api-fixes]
qt6-deprecated-api-fixes/main.cpp:199:23: warning: Using QLinkedList. Use std::list instead [-Wclazy-qt6-deprecated-api-fixes]
qt6-deprecated-api-fixes/main.cpp:205:27: warning: call Qt::MatchRegExp. Use Qt::MatchRegularExpression instead. [-Wclazy-qt6-deprecated-api-fixes]
qt6-deprecated-api-fixes/main.cpp:208:28: warning: call function QTextStream::endl. Use function Qt::endl instead [-Wclazy-qt6-deprecated-api-fixes]
qt6-deprecated-api-fixes/main.cpp:209:16: warning: call function QTextStream::hex. Use function Qt::hex instead [-Wclazy-qt6-deprecated-api-fixes]
qt6-deprecated-api-fixes/main.cpp:209:45: warning: call function QTextStream::endl. Use function Qt::endl instead [-Wclazy-qt6-deprecated-api-fixes]
qt6-deprecated-api-fixes/main.cpp:213:52: warning: Use Qt::SplitBehavior variant instead [-Wclazy-qt6-deprecated-api-fixes]
qt6-deprecated-api-fixes/main.cpp:214:9: warning: Using QString::SplitBehavior. Use Qt::SplitBehavior variant instead [-Wclazy-qt6-deprecated-api-fixes]
qt6-deprecated-api-fixes/main.cpp:214:43: warning: Use Qt::SplitBehavior variant instead [-Wclazy-qt6-deprecated-api-fixes]
qt6-deprecated-api-fixes/main.cpp:222:12: warning: call function QProcess::visitedPages(). Use function QProcess::visitedIds() instead [-Wclazy-qt6-deprecated-api-fixes]
qt6-deprecated-api-fixes/main.cpp:225:17: warning: call function QButtonGroup::buttonClicked(int). Use function QButtonGroupidClicked instead. [-Wclazy-qt6-deprecated-api-fixes]
qt6-deprecated-api-fixes/main.cpp:226:17: warning: call function QButtonGroup::buttonPressed(int). Use function QButtonGroupidPressed instead. [-Wclazy-qt6-deprecated-api-fixes]
qt6-deprecated-api-fixes/main.cpp:227:17: warning: call function QButtonGroup::buttonReleased(int). Use function QButtonGroupidReleased instead. [-Wclazy-qt6-deprecated-api-fixes]
qt6-deprecated-api-fixes/main.cpp:228:17: warning: call function QButtonGroup::buttonToggled(int, bool). Use function QButtonGroupidToggled instead. [-Wclazy-qt6-deprecated-api-fixes]
qt6-deprecated-api-fixes/main.cpp:231:34: warning: Use QComboBox::SizeAdjustPolicy::AdjustToContents or AdjustToContentsOnFirstShow instead [-Wclazy-qt6-deprecated-api-fixes]
qt6-deprecated-api-fixes/main.cpp:233:14: warning: Use currentIndexChanged(int) instead, and get the text using itemText(index). [-Wclazy-qt6-deprecated-api-fixes]
qt6-deprecated-api-fixes/main.cpp:234:14: warning: Using QComboBox::activated(const QString &). Use textActiated() instead [-Wclazy-qt6-deprecated-api-fixes]
qt6-deprecated-api-fixes/main.cpp:235:14: warning: Using QComboBox::hilighted(const QString &). Use textHighlighted() instead [-Wclazy-qt6-deprecated-api-fixes]
qt6-deprecated-api-fixes/main.cpp:237:5: warning: Using QMacCocoaViewContainer. Use QWindow::fromWinId and QWidget::createWindowContainer instead [-Wclazy-qt6-deprecated-api-fixes]
qt6-deprecated-api-fixes/main.cpp:238:5: warning: Using QMacNativeWidget. Use QWidget::winId instead [-Wclazy-qt6-deprecated-api-fixes]
qt6-deprecated-api-fixes/main.cpp:241:34: warning: Use the constructor taking a QScreen * instead. [-Wclazy-qt6-deprecated-api-fixes]
qt6-deprecated-api-fixes/main.cpp:247:13: warning: Using QTextBrowser::highlighted(const QString &). Use QTextBrowser::highlighted(const QUrl &) instead. [-Wclazy-qt6-deprecated-api-fixes]
qt6-deprecated-api-fixes/main.cpp:252:22: warning: Use QComboBox::DockWidgetClosable|DockWidgetMovable|DockWidgetFloatable explicitly instead. [-Wclazy-qt6-deprecated-api-fixes]
qt6-deprecated-api-fixes/main.cpp:254:5: warning: Using QDirModel. Use QFileSystemModel instead [-Wclazy-qt6-deprecated-api-fixes]
qt6-deprecated-api-fixes/main.cpp:257:32: warning: Using QGraphicsView::matrix. Use transform() instead [-Wclazy-qt6-deprecated-api-fixes]
qt6-deprecated-api-fixes/main.cpp:258:15: warning: Using QGraphicsView::setMatrix(const QMatrix &). Use setTransform(const QTransform &) instead [-Wclazy-qt6-deprecated-api-fixes]
qt6-deprecated-api-fixes/main.cpp:259:15: warning: Using QGraphicsView::resetMatrix(). Use resetTransform() instead [-Wclazy-qt6-deprecated-api-fixes]
qt6-deprecated-api-fixes/main.cpp:262:24: warning: this enum has been removed in Qt6 [-Wclazy-qt6-deprecated-api-fixes]
qt6-deprecated-api-fixes/main.cpp:263:24: warning: this enum has been removed in Qt6 [-Wclazy-qt6-deprecated-api-fixes]
qt6-deprecated-api-fixes/main.cpp:264:24: warning: this enum has been removed in Qt6 [-Wclazy-qt6-deprecated-api-fixes]
qt6-deprecated-api-fixes/main.cpp:265:27: warning: this enum has been removed in Qt6 [-Wclazy-qt6-deprecated-api-fixes]
qt6-deprecated-api-fixes/main.cpp:269:17: warning: Using QMacCocoaViewContainer. Use QWindow::fromWinId and QWidget::createWindowContainer instead [-Wclazy-qt6-deprecated-api-fixes]
qt6-deprecated-api-fixes/main.cpp:270:19: warning: Using QMacNativeWidget. Use QWidget::winId instead [-Wclazy-qt6-deprecated-api-fixes]
