unused-non-trivial-variable/main.cpp:16:5: warning: unused QString [-Wclazy-unused-non-trivial-variable]
unused-non-trivial-variable/main.cpp:19:5: warning: unused QString [-Wclazy-unused-non-trivial-variable]
unused-non-trivial-variable/main.cpp:55:5: warning: unused QList<int> [-Wclazy-unused-non-trivial-variable]
unused-non-trivial-variable/main.cpp:58:5: warning: unused QVector<int> [-Wclazy-unused-non-trivial-variable]
unused-non-trivial-variable/main.cpp:61:5: warning: unused QByteArray [-Wclazy-unused-non-trivial-variable]
unused-non-trivial-variable/main.cpp:64:5: warning: unused QRect [-Wclazy-unused-non-trivial-variable]
unused-non-trivial-variable/main.cpp:67:5: warning: unused QJsonValue [-Wclazy-unused-non-trivial-variable]
unused-non-trivial-variable/main.cpp:82:5: warning: unused MyWhitelistedType [-Wclazy-unused-non-trivial-variable]
unused-non-trivial-variable/main.cpp:90:5: warning: unused QList<int> [-Wclazy-unused-non-trivial-variable]
unused-non-trivial-variable/main.cpp:93:5: warning: unused QString [-Wclazy-unused-non-trivial-variable]
unused-non-trivial-variable/main.cpp:105:5: warning: unused QList<QVector<int>> [-Wclazy-unused-non-trivial-variable]
unused-non-trivial-variable/main.cpp:108:5: warning: unused QVector<QString> [-Wclazy-unused-non-trivial-variable]
