unused-non-trivial-variable/no-whitelist.cpp:16:5: warning: unused QString s [-Wclazy-unused-non-trivial-variable]
unused-non-trivial-variable/no-whitelist.cpp:17:5: warning: unused QString s2 [-Wclazy-unused-non-trivial-variable]
unused-non-trivial-variable/no-whitelist.cpp:33:5: warning: unused MyRAII m [-Wclazy-unused-non-trivial-variable]
unused-non-trivial-variable/no-whitelist.cpp:49:5: warning: unused QList<int> l [-Wclazy-unused-non-trivial-variable]
unused-non-trivial-variable/no-whitelist.cpp:50:5: warning: unused QVector<int> v [-Wclazy-unused-non-trivial-variable]
unused-non-trivial-variable/no-whitelist.cpp:51:5: warning: unused QByteArray b [-Wclazy-unused-non-trivial-variable]
unused-non-trivial-variable/no-whitelist.cpp:52:5: warning: unused QRect r [-Wclazy-unused-non-trivial-variable]
