incorrect-emit/main.cpp:39:11: warning: Emit keyword being used with non-signal MyObject::prot [-Wclazy-incorrect-emit]
incorrect-emit/main.cpp:40:5: warning: Missing emit keyword on signal call MyObject::sig [-Wclazy-incorrect-emit]
incorrect-emit/main.cpp:45:12: warning: Emit keyword being used with non-signal MyObject::privSlot [-Wclazy-incorrect-emit]
incorrect-emit/main.cpp:47:5: warning: Missing emit keyword on signal call MyObject::sig [-Wclazy-incorrect-emit]
incorrect-emit/main.cpp:49:5: warning: Missing emit keyword on signal call MyObject::sig [-Wclazy-incorrect-emit]
incorrect-emit/main.cpp:57:10: warning: Emitting inside constructor probably has no effect [-Wclazy-incorrect-emit]
incorrect-emit/main.cpp:61:10: warning: Emitting inside constructor probably has no effect [-Wclazy-incorrect-emit]
incorrect-emit/main.cpp:67:5: warning: Missing emit keyword on signal call MyObject::singularSig [-Wclazy-incorrect-emit]
incorrect-emit/main.cpp:77:14: warning: Emit keyword being used with non-signal NotQObject::test1 [-Wclazy-incorrect-emit]
incorrect-emit/main.cpp:102:14: warning: Emit keyword being used with non-signal MyObject::memberFunc [-Wclazy-incorrect-emit]
