non-pod-global-static/collection.cpp:5:1: warning: non-POD static (QString strArr) [-Wclazy-non-pod-global-static]
non-pod-global-static/collection.cpp:9:1: warning: non-POD static (QList s_globalStuff) [-Wclazy-non-pod-global-static]
