function-args-by-value/warn-for-overridden-methods.cpp:14:10: warning: 'virtualMethod2' overrides a member function but is not marked 'override' [-Winconsistent-missing-override]
function-args-by-value/warn-for-overridden-methods.cpp:6:33: warning: BaseWithVirtuals::virtualMethod1: Pass small and trivially-copyable type by value (const Trivial &) [-Wclazy-function-args-by-value]
function-args-by-value/warn-for-overridden-methods.cpp:7:33: warning: BaseWithVirtuals::virtualMethod2: Pass small and trivially-copyable type by value (const Trivial &) [-Wclazy-function-args-by-value]
function-args-by-value/warn-for-overridden-methods.cpp:8:27: warning: BaseWithVirtuals::nonVirtualMethod: Pass small and trivially-copyable type by value (const Trivial &) [-Wclazy-function-args-by-value]
function-args-by-value/warn-for-overridden-methods.cpp:13:25: warning: DerivedWithVirtuals::virtualMethod1: Pass small and trivially-copyable type by value (const Trivial &) [-Wclazy-function-args-by-value]
function-args-by-value/warn-for-overridden-methods.cpp:14:25: warning: DerivedWithVirtuals::virtualMethod2: Pass small and trivially-copyable type by value (const Trivial &) [-Wclazy-function-args-by-value]
function-args-by-value/warn-for-overridden-methods.cpp:15:27: warning: DerivedWithVirtuals::nonVirtualMethod: Pass small and trivially-copyable type by value (const Trivial &) [-Wclazy-function-args-by-value]
