qstring-comparison-to-implicit-char/main.cpp:8:9: warning: QString being compared to implicit QChar [-Wclazy-qstring-comparison-to-implicit-char]
