function-args-by-ref/lambdas.cpp:15:18: warning: test()::(anonymous class)::operator(): Missing reference on non-trivial type (NonTrivial) [-Wclazy-function-args-by-ref]
